// Jest Snapshot v1, https://goo.gl/fbAQLP

exports[`ConfigureKPI Reducer it handles the reducer with default type 1`] = `
Immutable.Map {
  "programDetails": Immutable.List [],
  "getProgramsStatus": "",
  "usersDataError": null,
  "programDetailsError": null,
}
`;
