// Jest Snapshot v1, https://goo.gl/fbAQLP

exports[`<CustomCapTag /> should render the CustomCapTag 1`] = `""`;
